16:36:31.045 debug: 2026/5/19 16:36:31
16:36:31.046 debug: Project: D:\software\cocos\zuma
16:36:31.046 debug: Targets: editor,preview
16:36:31.071 debug: Incremental file seems great.
16:36:31.074 debug: Engine path: D:\software\cocos\ide\Creator\3.8.8\resources\resources\3d\engine
16:36:31.122 debug: Initializing target [Editor]
16:36:31.124 debug: Loading cache
16:36:31.163 debug: Loading cache costs 38.13119999999981ms.
16:36:31.163 debug: Engine features shipped in editor: base,gfx-webgl,gfx-webgl2,gfx-empty,gfx-webgpu,3d,animation,skeletal-animation,2d,rich-text,mask,graphics,ui-skew,ui,affine-transform,sorting-2d,particle,particle-2d,physics-framework,physics-cannon,physics-physx,physics-ammo,physics-builtin,physics-2d-framework,physics-2d-box2d-jsb,physics-2d-box2d,physics-2d-builtin,physics-2d-box2d-wasm,intersection-2d,primitive,profiler,occlusion-query,geometry-renderer,debug-renderer,audio,video,xr,light-probe,terrain,webview,tween,tiled-map,vendor-google,spine-3.8,spine-4.2,dragon-bones,marionette,procedural-animation,custom-pipeline,custom-pipeline-builtin-scripts,custom-pipeline-post-process,legacy-pipeline,websocket,websocket-server,meshopt
16:36:31.166 debug: Our import map(foo:/bar): {
  "imports": {
    "cc": "cce:/internal/x/cc"
  }
}
16:36:31.167 debug: Initializing target [Preview]
16:36:31.168 debug: Loading cache
16:36:31.209 debug: Loading cache costs 40.986000000000786ms.
16:36:31.210 debug: Our import map(foo:/bar): {
  "imports": {
    "cc": "cce:/internal/x/cc"
  }
}
16:36:31.274 debug: Sync engine features: 2d,affine-transform,animation,audio,base,custom-pipeline,dragon-bones,gfx-webgl,gfx-webgl2,graphics,intersection-2d,mask,particle-2d,physics-2d-box2d,profiler,rich-text,spine-3.8,tiled-map,tween,ui,video,webview
16:36:31.282 debug: Reset databases. Enumerated domains: [
  {
    "root": "db://internal/",
    "physical": "D:\\software\\cocos\\ide\\Creator\\3.8.8\\resources\\resources\\3d\\engine\\editor\\assets"
  },
  {
    "root": "db://assets/",
    "physical": "D:\\software\\cocos\\zuma\\assets"
  }
]
16:36:31.283 debug: Our import map(foo:/bar): {
  "imports": {
    "cc": "cce:/internal/x/cc",
    "db://internal/": "file:///D:/software/cocos/ide/Creator/3.8.8/resources/resources/3d/engine/editor/assets/",
    "db://assets/": "file:///D:/software/cocos/zuma/assets/"
  }
}
16:36:31.289 debug: Our import map(foo:/bar): {
  "imports": {
    "cc": "cce:/internal/x/cc",
    "db://internal/": "file:///D:/software/cocos/ide/Creator/3.8.8/resources/resources/3d/engine/editor/assets/",
    "db://assets/": "file:///D:/software/cocos/zuma/assets/"
  }
}
16:36:31.294 debug: Pulling asset-db.
16:36:31.301 debug: Fetch asset-db cost: 6.404399999999441ms.
16:36:31.305 debug: Build iteration starts.
Number of accumulated asset changes: 7
Feature changed: false
16:36:31.306 debug: Target(editor) build started.
16:36:31.320 debug: Detected change: cce:/internal/x/cc. Last mtime: Thu Jan 01 1970 08:00:13 GMT+0800 (香港标准时间), Current mtime: Thu Jan 01 1970 08:00:13 GMT+0800 (香港标准时间)
16:36:31.320 debug: Inspect cce:/internal/x/cc
16:36:31.510 debug: transform url: 'cce:/internal/x/cc' costs: 188.90 ms
16:36:31.515 debug: Resolve cce:/internal/x/cc-fu/base from cce:/internal/x/cc as external dependency cce:/internal/x/cc-fu/base.
16:36:31.516 debug: Resolve cce:/internal/x/cc-fu/gfx-webgl from cce:/internal/x/cc as external dependency cce:/internal/x/cc-fu/gfx-webgl.
16:36:31.516 debug: Resolve cce:/internal/x/cc-fu/gfx-webgl2 from cce:/internal/x/cc as external dependency cce:/internal/x/cc-fu/gfx-webgl2.
16:36:31.516 debug: Resolve cce:/internal/x/cc-fu/gfx-empty from cce:/internal/x/cc as external dependency cce:/internal/x/cc-fu/gfx-empty.
16:36:31.517 debug: Resolve cce:/internal/x/cc-fu/gfx-webgpu from cce:/internal/x/cc as external dependency cce:/internal/x/cc-fu/gfx-webgpu.
16:36:31.517 debug: Resolve cce:/internal/x/cc-fu/3d from cce:/internal/x/cc as external dependency cce:/internal/x/cc-fu/3d.
16:36:31.517 debug: Resolve cce:/internal/x/cc-fu/animation from cce:/internal/x/cc as external dependency cce:/internal/x/cc-fu/animation.
16:36:31.518 debug: Resolve cce:/internal/x/cc-fu/skeletal-animation from cce:/internal/x/cc as external dependency cce:/internal/x/cc-fu/skeletal-animation.
16:36:31.518 debug: Resolve cce:/internal/x/cc-fu/2d from cce:/internal/x/cc as external dependency cce:/internal/x/cc-fu/2d.
16:36:31.518 debug: Resolve cce:/internal/x/cc-fu/sorting from cce:/internal/x/cc as external dependency cce:/internal/x/cc-fu/sorting.
16:36:31.518 debug: Resolve cce:/internal/x/cc-fu/rich-text from cce:/internal/x/cc as external dependency cce:/internal/x/cc-fu/rich-text.
16:36:31.518 debug: Resolve cce:/internal/x/cc-fu/mask from cce:/internal/x/cc as external dependency cce:/internal/x/cc-fu/mask.
16:36:31.518 debug: Resolve cce:/internal/x/cc-fu/graphics from cce:/internal/x/cc as external dependency cce:/internal/x/cc-fu/graphics.
16:36:31.519 debug: Resolve cce:/internal/x/cc-fu/ui-skew from cce:/internal/x/cc as external dependency cce:/internal/x/cc-fu/ui-skew.
16:36:31.519 debug: Resolve cce:/internal/x/cc-fu/ui from cce:/internal/x/cc as external dependency cce:/internal/x/cc-fu/ui.
16:36:31.519 debug: Resolve cce:/internal/x/cc-fu/affine-transform from cce:/internal/x/cc as external dependency cce:/internal/x/cc-fu/affine-transform.
16:36:31.519 debug: Resolve cce:/internal/x/cc-fu/sorting-2d from cce:/internal/x/cc as external dependency cce:/internal/x/cc-fu/sorting-2d.
16:36:31.519 debug: Resolve cce:/internal/x/cc-fu/particle from cce:/internal/x/cc as external dependency cce:/internal/x/cc-fu/particle.
16:36:31.519 debug: Resolve cce:/internal/x/cc-fu/particle-2d from cce:/internal/x/cc as external dependency cce:/internal/x/cc-fu/particle-2d.
16:36:31.520 debug: Resolve cce:/internal/x/cc-fu/physics-framework from cce:/internal/x/cc as external dependency cce:/internal/x/cc-fu/physics-framework.
16:36:31.520 debug: Resolve cce:/internal/x/cc-fu/physics-cannon from cce:/internal/x/cc as external dependency cce:/internal/x/cc-fu/physics-cannon.
16:36:31.520 debug: Resolve cce:/internal/x/cc-fu/physics-physx from cce:/internal/x/cc as external dependency cce:/internal/x/cc-fu/physics-physx.
16:36:31.520 debug: Resolve cce:/internal/x/cc-fu/physics-ammo from cce:/internal/x/cc as external dependency cce:/internal/x/cc-fu/physics-ammo.
16:36:31.520 debug: Resolve cce:/internal/x/cc-fu/physics-builtin from cce:/internal/x/cc as external dependency cce:/internal/x/cc-fu/physics-builtin.
16:36:31.520 debug: Resolve cce:/internal/x/cc-fu/physics-2d-framework from cce:/internal/x/cc as external dependency cce:/internal/x/cc-fu/physics-2d-framework.
16:36:31.520 debug: Resolve cce:/internal/x/cc-fu/physics-2d-box2d-jsb from cce:/internal/x/cc as external dependency cce:/internal/x/cc-fu/physics-2d-box2d-jsb.
16:36:31.521 debug: Resolve cce:/internal/x/cc-fu/physics-2d-box2d from cce:/internal/x/cc as external dependency cce:/internal/x/cc-fu/physics-2d-box2d.
16:36:31.521 debug: Resolve cce:/internal/x/cc-fu/physics-2d-builtin from cce:/internal/x/cc as external dependency cce:/internal/x/cc-fu/physics-2d-builtin.
16:36:31.521 debug: Resolve cce:/internal/x/cc-fu/physics-2d-box2d-wasm from cce:/internal/x/cc as external dependency cce:/internal/x/cc-fu/physics-2d-box2d-wasm.
16:36:31.521 debug: Resolve cce:/internal/x/cc-fu/intersection-2d from cce:/internal/x/cc as external dependency cce:/internal/x/cc-fu/intersection-2d.
16:36:31.521 debug: Resolve cce:/internal/x/cc-fu/primitive from cce:/internal/x/cc as external dependency cce:/internal/x/cc-fu/primitive.
16:36:31.521 debug: Resolve cce:/internal/x/cc-fu/profiler from cce:/internal/x/cc as external dependency cce:/internal/x/cc-fu/profiler.
16:36:31.521 debug: Resolve cce:/internal/x/cc-fu/geometry-renderer from cce:/internal/x/cc as external dependency cce:/internal/x/cc-fu/geometry-renderer.
16:36:31.521 debug: Resolve cce:/internal/x/cc-fu/audio from cce:/internal/x/cc as external dependency cce:/internal/x/cc-fu/audio.
16:36:31.521 debug: Resolve cce:/internal/x/cc-fu/video from cce:/internal/x/cc as external dependency cce:/internal/x/cc-fu/video.
16:36:31.522 debug: Resolve cce:/internal/x/cc-fu/xr from cce:/internal/x/cc as external dependency cce:/internal/x/cc-fu/xr.
16:36:31.522 debug: Resolve cce:/internal/x/cc-fu/light-probe from cce:/internal/x/cc as external dependency cce:/internal/x/cc-fu/light-probe.
16:36:31.522 debug: Resolve cce:/internal/x/cc-fu/terrain from cce:/internal/x/cc as external dependency cce:/internal/x/cc-fu/terrain.
16:36:31.522 debug: Resolve cce:/internal/x/cc-fu/webview from cce:/internal/x/cc as external dependency cce:/internal/x/cc-fu/webview.
16:36:31.522 debug: Resolve cce:/internal/x/cc-fu/tween from cce:/internal/x/cc as external dependency cce:/internal/x/cc-fu/tween.
16:36:31.522 debug: Resolve cce:/internal/x/cc-fu/tiled-map from cce:/internal/x/cc as external dependency cce:/internal/x/cc-fu/tiled-map.
16:36:31.522 debug: Resolve cce:/internal/x/cc-fu/vendor-google from cce:/internal/x/cc as external dependency cce:/internal/x/cc-fu/vendor-google.
16:36:31.522 debug: Resolve cce:/internal/x/cc-fu/spine from cce:/internal/x/cc as external dependency cce:/internal/x/cc-fu/spine.
16:36:31.522 debug: Resolve cce:/internal/x/cc-fu/dragon-bones from cce:/internal/x/cc as external dependency cce:/internal/x/cc-fu/dragon-bones.
16:36:31.522 debug: Resolve cce:/internal/x/cc-fu/custom-pipeline from cce:/internal/x/cc as external dependency cce:/internal/x/cc-fu/custom-pipeline.
16:36:31.522 debug: Resolve cce:/internal/x/cc-fu/custom-pipeline-post-process from cce:/internal/x/cc as external dependency cce:/internal/x/cc-fu/custom-pipeline-post-process.
16:36:31.523 debug: Resolve cce:/internal/x/cc-fu/legacy-pipeline from cce:/internal/x/cc as external dependency cce:/internal/x/cc-fu/legacy-pipeline.
16:36:31.523 debug: Detected change: cce:/internal/x/prerequisite-imports. Last mtime: Thu Jan 01 1970 08:00:18 GMT+0800 (香港标准时间), Current mtime: Thu Jan 01 1970 08:00:13 GMT+0800 (香港标准时间)
16:36:31.523 debug: Inspect cce:/internal/x/prerequisite-imports
16:36:31.582 debug: transform url: 'cce:/internal/x/prerequisite-imports' costs: 58.00 ms
16:36:31.590 debug: Resolve file:///D:/software/cocos/ide/Creator/3.8.8/resources/resources/3d/engine/editor/assets/default_renderpipeline/builtin-dof-pass.ts from cce:/internal/x/prerequisite-imports as file:///D:/software/cocos/ide/Creator/3.8.8/resources/resources/3d/engine/editor/assets/default_renderpipeline/builtin-dof-pass.ts.
16:36:31.596 debug: Resolve file:///D:/software/cocos/ide/Creator/3.8.8/resources/resources/3d/engine/editor/assets/default_renderpipeline/builtin-pipeline-pass.ts from cce:/internal/x/prerequisite-imports as file:///D:/software/cocos/ide/Creator/3.8.8/resources/resources/3d/engine/editor/assets/default_renderpipeline/builtin-pipeline-pass.ts.
16:36:31.603 debug: Resolve file:///D:/software/cocos/ide/Creator/3.8.8/resources/resources/3d/engine/editor/assets/default_renderpipeline/builtin-pipeline-settings.ts from cce:/internal/x/prerequisite-imports as file:///D:/software/cocos/ide/Creator/3.8.8/resources/resources/3d/engine/editor/assets/default_renderpipeline/builtin-pipeline-settings.ts.
16:36:31.609 debug: Resolve file:///D:/software/cocos/ide/Creator/3.8.8/resources/resources/3d/engine/editor/assets/default_renderpipeline/builtin-pipeline-types.ts from cce:/internal/x/prerequisite-imports as file:///D:/software/cocos/ide/Creator/3.8.8/resources/resources/3d/engine/editor/assets/default_renderpipeline/builtin-pipeline-types.ts.
16:36:31.614 debug: Resolve file:///D:/software/cocos/ide/Creator/3.8.8/resources/resources/3d/engine/editor/assets/default_renderpipeline/builtin-pipeline.ts from cce:/internal/x/prerequisite-imports as file:///D:/software/cocos/ide/Creator/3.8.8/resources/resources/3d/engine/editor/assets/default_renderpipeline/builtin-pipeline.ts.
16:36:31.619 debug: Resolve file:///D:/software/cocos/ide/Creator/3.8.8/resources/resources/3d/engine/editor/assets/tools/debug-view-runtime-control.ts from cce:/internal/x/prerequisite-imports as file:///D:/software/cocos/ide/Creator/3.8.8/resources/resources/3d/engine/editor/assets/tools/debug-view-runtime-control.ts.
16:36:31.622 debug: Resolve file:///D:/software/cocos/zuma/assets/Script/ZumaCurvePath.ts from cce:/internal/x/prerequisite-imports as file:///D:/software/cocos/zuma/assets/Script/ZumaCurvePath.ts.
16:36:31.623 debug: Resolve cce:/internal/code-quality/cr.mjs from file:///D:/software/cocos/ide/Creator/3.8.8/resources/resources/3d/engine/editor/assets/default_renderpipeline/builtin-dof-pass.ts as cce:/internal/code-quality/cr.mjs.
16:36:31.624 debug: Detected change: cce:/internal/code-quality/cr.mjs. Last mtime: Sat May 16 2026 22:12:54 GMT+0800 (香港标准时间), Current mtime: Tue May 19 2026 16:36:17 GMT+0800 (香港标准时间)
16:36:31.624 debug: Inspect cce:/internal/code-quality/cr.mjs
16:36:31.659 debug: transform url: 'cce:/internal/code-quality/cr.mjs' costs: 34.80 ms
16:36:31.664 debug: Resolve cc from file:///D:/software/cocos/ide/Creator/3.8.8/resources/resources/3d/engine/editor/assets/default_renderpipeline/builtin-dof-pass.ts as cce:/internal/x/cc.
16:36:31.665 debug: Resolve cc from file:///D:/software/cocos/ide/Creator/3.8.8/resources/resources/3d/engine/editor/assets/default_renderpipeline/builtin-dof-pass.ts as cce:/internal/x/cc.
16:36:31.665 debug: Resolve cc from file:///D:/software/cocos/ide/Creator/3.8.8/resources/resources/3d/engine/editor/assets/default_renderpipeline/builtin-dof-pass.ts as cce:/internal/x/cc.
16:36:31.665 debug: Resolve cc/env from file:///D:/software/cocos/ide/Creator/3.8.8/resources/resources/3d/engine/editor/assets/default_renderpipeline/builtin-dof-pass.ts as external dependency cc/env.
16:36:31.670 debug: Resolve ./builtin-pipeline-settings from file:///D:/software/cocos/ide/Creator/3.8.8/resources/resources/3d/engine/editor/assets/default_renderpipeline/builtin-dof-pass.ts as file:///D:/software/cocos/ide/Creator/3.8.8/resources/resources/3d/engine/editor/assets/default_renderpipeline/builtin-pipeline-settings.ts.
16:36:31.675 debug: Resolve ./builtin-pipeline-pass from file:///D:/software/cocos/ide/Creator/3.8.8/resources/resources/3d/engine/editor/assets/default_renderpipeline/builtin-dof-pass.ts as file:///D:/software/cocos/ide/Creator/3.8.8/resources/resources/3d/engine/editor/assets/default_renderpipeline/builtin-pipeline-pass.ts.
16:36:31.681 debug: Resolve ./builtin-pipeline from file:///D:/software/cocos/ide/Creator/3.8.8/resources/resources/3d/engine/editor/assets/default_renderpipeline/builtin-dof-pass.ts as file:///D:/software/cocos/ide/Creator/3.8.8/resources/resources/3d/engine/editor/assets/default_renderpipeline/builtin-pipeline.ts.
16:36:31.681 debug: Resolve cce:/internal/code-quality/cr.mjs from file:///D:/software/cocos/ide/Creator/3.8.8/resources/resources/3d/engine/editor/assets/default_renderpipeline/builtin-pipeline-settings.ts as cce:/internal/code-quality/cr.mjs.
16:36:31.681 debug: Resolve cc from file:///D:/software/cocos/ide/Creator/3.8.8/resources/resources/3d/engine/editor/assets/default_renderpipeline/builtin-pipeline-settings.ts as cce:/internal/x/cc.
16:36:31.681 debug: Resolve cc from file:///D:/software/cocos/ide/Creator/3.8.8/resources/resources/3d/engine/editor/assets/default_renderpipeline/builtin-pipeline-settings.ts as cce:/internal/x/cc.
16:36:31.682 debug: Resolve cc from file:///D:/software/cocos/ide/Creator/3.8.8/resources/resources/3d/engine/editor/assets/default_renderpipeline/builtin-pipeline-settings.ts as cce:/internal/x/cc.
16:36:31.682 debug: Resolve cc/env from file:///D:/software/cocos/ide/Creator/3.8.8/resources/resources/3d/engine/editor/assets/default_renderpipeline/builtin-pipeline-settings.ts as external dependency cc/env.
16:36:31.688 debug: Resolve ./builtin-pipeline-types from file:///D:/software/cocos/ide/Creator/3.8.8/resources/resources/3d/engine/editor/assets/default_renderpipeline/builtin-pipeline-settings.ts as file:///D:/software/cocos/ide/Creator/3.8.8/resources/resources/3d/engine/editor/assets/default_renderpipeline/builtin-pipeline-types.ts.
16:36:31.689 debug: Resolve cc from file:///D:/software/cocos/ide/Creator/3.8.8/resources/resources/3d/engine/editor/assets/default_renderpipeline/builtin-pipeline-types.ts as cce:/internal/x/cc.
16:36:31.689 debug: Resolve cc from file:///D:/software/cocos/ide/Creator/3.8.8/resources/resources/3d/engine/editor/assets/default_renderpipeline/builtin-pipeline-types.ts as cce:/internal/x/cc.
16:36:31.689 debug: Resolve cc from file:///D:/software/cocos/ide/Creator/3.8.8/resources/resources/3d/engine/editor/assets/default_renderpipeline/builtin-pipeline-types.ts as cce:/internal/x/cc.
16:36:31.690 debug: Resolve cce:/internal/code-quality/cr.mjs from file:///D:/software/cocos/ide/Creator/3.8.8/resources/resources/3d/engine/editor/assets/default_renderpipeline/builtin-pipeline-pass.ts as cce:/internal/code-quality/cr.mjs.
16:36:31.690 debug: Resolve cc from file:///D:/software/cocos/ide/Creator/3.8.8/resources/resources/3d/engine/editor/assets/default_renderpipeline/builtin-pipeline-pass.ts as cce:/internal/x/cc.
16:36:31.690 debug: Resolve cc from file:///D:/software/cocos/ide/Creator/3.8.8/resources/resources/3d/engine/editor/assets/default_renderpipeline/builtin-pipeline-pass.ts as cce:/internal/x/cc.
16:36:31.690 debug: Resolve cc from file:///D:/software/cocos/ide/Creator/3.8.8/resources/resources/3d/engine/editor/assets/default_renderpipeline/builtin-pipeline-pass.ts as cce:/internal/x/cc.
16:36:31.696 debug: Resolve ./builtin-pipeline-settings from file:///D:/software/cocos/ide/Creator/3.8.8/resources/resources/3d/engine/editor/assets/default_renderpipeline/builtin-pipeline-pass.ts as file:///D:/software/cocos/ide/Creator/3.8.8/resources/resources/3d/engine/editor/assets/default_renderpipeline/builtin-pipeline-settings.ts.
16:36:31.697 debug: Resolve cc/env from file:///D:/software/cocos/ide/Creator/3.8.8/resources/resources/3d/engine/editor/assets/default_renderpipeline/builtin-pipeline-pass.ts as external dependency cc/env.
16:36:31.697 debug: Resolve cce:/internal/code-quality/cr.mjs from file:///D:/software/cocos/ide/Creator/3.8.8/resources/resources/3d/engine/editor/assets/default_renderpipeline/builtin-pipeline.ts as cce:/internal/code-quality/cr.mjs.
16:36:31.697 debug: Resolve cc from file:///D:/software/cocos/ide/Creator/3.8.8/resources/resources/3d/engine/editor/assets/default_renderpipeline/builtin-pipeline.ts as cce:/internal/x/cc.
16:36:31.697 debug: Resolve cc from file:///D:/software/cocos/ide/Creator/3.8.8/resources/resources/3d/engine/editor/assets/default_renderpipeline/builtin-pipeline.ts as cce:/internal/x/cc.
16:36:31.697 debug: Resolve cc from file:///D:/software/cocos/ide/Creator/3.8.8/resources/resources/3d/engine/editor/assets/default_renderpipeline/builtin-pipeline.ts as cce:/internal/x/cc.
16:36:31.698 debug: Resolve cc/env from file:///D:/software/cocos/ide/Creator/3.8.8/resources/resources/3d/engine/editor/assets/default_renderpipeline/builtin-pipeline.ts as external dependency cc/env.
16:36:31.704 debug: Resolve ./builtin-pipeline-types from file:///D:/software/cocos/ide/Creator/3.8.8/resources/resources/3d/engine/editor/assets/default_renderpipeline/builtin-pipeline.ts as file:///D:/software/cocos/ide/Creator/3.8.8/resources/resources/3d/engine/editor/assets/default_renderpipeline/builtin-pipeline-types.ts.
16:36:31.704 debug: Resolve cc from file:///D:/software/cocos/ide/Creator/3.8.8/resources/resources/3d/engine/editor/assets/tools/debug-view-runtime-control.ts as cce:/internal/x/cc.
16:36:31.704 debug: Resolve cc from file:///D:/software/cocos/ide/Creator/3.8.8/resources/resources/3d/engine/editor/assets/tools/debug-view-runtime-control.ts as cce:/internal/x/cc.
16:36:31.704 debug: Resolve cc from file:///D:/software/cocos/ide/Creator/3.8.8/resources/resources/3d/engine/editor/assets/tools/debug-view-runtime-control.ts as cce:/internal/x/cc.
16:36:31.705 debug: Resolve cc from file:///D:/software/cocos/zuma/assets/Script/ZumaCurvePath.ts as cce:/internal/x/cc.
16:36:31.705 debug: Resolve cc from file:///D:/software/cocos/zuma/assets/Script/ZumaCurvePath.ts as cce:/internal/x/cc.
16:36:31.705 debug: Resolve cc from file:///D:/software/cocos/zuma/assets/Script/ZumaCurvePath.ts as cce:/internal/x/cc.
16:36:31.756 debug: Target(editor) ends with cost 450.2451999999994ms.
16:36:31.758 debug: Target(preview) build started.
16:36:31.767 debug: Detected change: cce:/internal/x/cc. Last mtime: Thu Jan 01 1970 08:00:13 GMT+0800 (香港标准时间), Current mtime: Thu Jan 01 1970 08:00:13 GMT+0800 (香港标准时间)
16:36:31.768 debug: Inspect cce:/internal/x/cc
16:36:31.856 debug: transform url: 'cce:/internal/x/cc' costs: 88.00 ms
16:36:31.862 debug: Resolve cce:/internal/x/cc-fu/2d from cce:/internal/x/cc as external dependency cce:/internal/x/cc-fu/2d.
16:36:31.862 debug: Resolve cce:/internal/x/cc-fu/sorting from cce:/internal/x/cc as external dependency cce:/internal/x/cc-fu/sorting.
16:36:31.863 debug: Resolve cce:/internal/x/cc-fu/affine-transform from cce:/internal/x/cc as external dependency cce:/internal/x/cc-fu/affine-transform.
16:36:31.863 debug: Resolve cce:/internal/x/cc-fu/animation from cce:/internal/x/cc as external dependency cce:/internal/x/cc-fu/animation.
16:36:31.863 debug: Resolve cce:/internal/x/cc-fu/audio from cce:/internal/x/cc as external dependency cce:/internal/x/cc-fu/audio.
16:36:31.863 debug: Resolve cce:/internal/x/cc-fu/base from cce:/internal/x/cc as external dependency cce:/internal/x/cc-fu/base.
16:36:31.864 debug: Resolve cce:/internal/x/cc-fu/custom-pipeline from cce:/internal/x/cc as external dependency cce:/internal/x/cc-fu/custom-pipeline.
16:36:31.864 debug: Resolve cce:/internal/x/cc-fu/dragon-bones from cce:/internal/x/cc as external dependency cce:/internal/x/cc-fu/dragon-bones.
16:36:31.864 debug: Resolve cce:/internal/x/cc-fu/gfx-webgl from cce:/internal/x/cc as external dependency cce:/internal/x/cc-fu/gfx-webgl.
16:36:31.864 debug: Resolve cce:/internal/x/cc-fu/gfx-webgl2 from cce:/internal/x/cc as external dependency cce:/internal/x/cc-fu/gfx-webgl2.
16:36:31.864 debug: Resolve cce:/internal/x/cc-fu/graphics from cce:/internal/x/cc as external dependency cce:/internal/x/cc-fu/graphics.
16:36:31.864 debug: Resolve cce:/internal/x/cc-fu/intersection-2d from cce:/internal/x/cc as external dependency cce:/internal/x/cc-fu/intersection-2d.
16:36:31.864 debug: Resolve cce:/internal/x/cc-fu/mask from cce:/internal/x/cc as external dependency cce:/internal/x/cc-fu/mask.
16:36:31.864 debug: Resolve cce:/internal/x/cc-fu/particle-2d from cce:/internal/x/cc as external dependency cce:/internal/x/cc-fu/particle-2d.
16:36:31.864 debug: Resolve cce:/internal/x/cc-fu/physics-2d-box2d from cce:/internal/x/cc as external dependency cce:/internal/x/cc-fu/physics-2d-box2d.
16:36:31.864 debug: Resolve cce:/internal/x/cc-fu/physics-2d-framework from cce:/internal/x/cc as external dependency cce:/internal/x/cc-fu/physics-2d-framework.
16:36:31.865 debug: Resolve cce:/internal/x/cc-fu/profiler from cce:/internal/x/cc as external dependency cce:/internal/x/cc-fu/profiler.
16:36:31.865 debug: Resolve cce:/internal/x/cc-fu/rich-text from cce:/internal/x/cc as external dependency cce:/internal/x/cc-fu/rich-text.
16:36:31.865 debug: Resolve cce:/internal/x/cc-fu/spine from cce:/internal/x/cc as external dependency cce:/internal/x/cc-fu/spine.
16:36:31.865 debug: Resolve cce:/internal/x/cc-fu/tiled-map from cce:/internal/x/cc as external dependency cce:/internal/x/cc-fu/tiled-map.
16:36:31.865 debug: Resolve cce:/internal/x/cc-fu/tween from cce:/internal/x/cc as external dependency cce:/internal/x/cc-fu/tween.
16:36:31.865 debug: Resolve cce:/internal/x/cc-fu/ui from cce:/internal/x/cc as external dependency cce:/internal/x/cc-fu/ui.
16:36:31.865 debug: Resolve cce:/internal/x/cc-fu/video from cce:/internal/x/cc as external dependency cce:/internal/x/cc-fu/video.
16:36:31.865 debug: Resolve cce:/internal/x/cc-fu/webview from cce:/internal/x/cc as external dependency cce:/internal/x/cc-fu/webview.
16:36:31.865 debug: Detected change: cce:/internal/x/prerequisite-imports. Last mtime: Thu Jan 01 1970 08:00:18 GMT+0800 (香港标准时间), Current mtime: Thu Jan 01 1970 08:00:14 GMT+0800 (香港标准时间)
16:36:31.866 debug: Inspect cce:/internal/x/prerequisite-imports
16:36:31.905 debug: transform url: 'cce:/internal/x/prerequisite-imports' costs: 39.20 ms
16:36:31.914 debug: Resolve file:///D:/software/cocos/ide/Creator/3.8.8/resources/resources/3d/engine/editor/assets/default_renderpipeline/builtin-dof-pass.ts from cce:/internal/x/prerequisite-imports as file:///D:/software/cocos/ide/Creator/3.8.8/resources/resources/3d/engine/editor/assets/default_renderpipeline/builtin-dof-pass.ts.
16:36:31.920 debug: Resolve file:///D:/software/cocos/ide/Creator/3.8.8/resources/resources/3d/engine/editor/assets/default_renderpipeline/builtin-pipeline-pass.ts from cce:/internal/x/prerequisite-imports as file:///D:/software/cocos/ide/Creator/3.8.8/resources/resources/3d/engine/editor/assets/default_renderpipeline/builtin-pipeline-pass.ts.
16:36:31.926 debug: Resolve file:///D:/software/cocos/ide/Creator/3.8.8/resources/resources/3d/engine/editor/assets/default_renderpipeline/builtin-pipeline-settings.ts from cce:/internal/x/prerequisite-imports as file:///D:/software/cocos/ide/Creator/3.8.8/resources/resources/3d/engine/editor/assets/default_renderpipeline/builtin-pipeline-settings.ts.
16:36:31.932 debug: Resolve file:///D:/software/cocos/ide/Creator/3.8.8/resources/resources/3d/engine/editor/assets/default_renderpipeline/builtin-pipeline-types.ts from cce:/internal/x/prerequisite-imports as file:///D:/software/cocos/ide/Creator/3.8.8/resources/resources/3d/engine/editor/assets/default_renderpipeline/builtin-pipeline-types.ts.
16:36:31.937 debug: Resolve file:///D:/software/cocos/ide/Creator/3.8.8/resources/resources/3d/engine/editor/assets/default_renderpipeline/builtin-pipeline.ts from cce:/internal/x/prerequisite-imports as file:///D:/software/cocos/ide/Creator/3.8.8/resources/resources/3d/engine/editor/assets/default_renderpipeline/builtin-pipeline.ts.
16:36:31.942 debug: Resolve file:///D:/software/cocos/ide/Creator/3.8.8/resources/resources/3d/engine/editor/assets/tools/debug-view-runtime-control.ts from cce:/internal/x/prerequisite-imports as file:///D:/software/cocos/ide/Creator/3.8.8/resources/resources/3d/engine/editor/assets/tools/debug-view-runtime-control.ts.
16:36:31.945 debug: Resolve file:///D:/software/cocos/zuma/assets/Script/ZumaCurvePath.ts from cce:/internal/x/prerequisite-imports as file:///D:/software/cocos/zuma/assets/Script/ZumaCurvePath.ts.
16:36:31.945 debug: Resolve cce:/internal/code-quality/cr.mjs from file:///D:/software/cocos/ide/Creator/3.8.8/resources/resources/3d/engine/editor/assets/default_renderpipeline/builtin-dof-pass.ts as cce:/internal/code-quality/cr.mjs.
16:36:31.946 debug: Detected change: cce:/internal/code-quality/cr.mjs. Last mtime: Sat May 16 2026 22:12:54 GMT+0800 (香港标准时间), Current mtime: Tue May 19 2026 16:36:17 GMT+0800 (香港标准时间)
16:36:31.946 debug: Inspect cce:/internal/code-quality/cr.mjs
16:36:31.991 debug: transform url: 'cce:/internal/code-quality/cr.mjs' costs: 45.20 ms
16:36:31.995 debug: Resolve cc from file:///D:/software/cocos/ide/Creator/3.8.8/resources/resources/3d/engine/editor/assets/default_renderpipeline/builtin-dof-pass.ts as cce:/internal/x/cc.
16:36:31.996 debug: Resolve cc from file:///D:/software/cocos/ide/Creator/3.8.8/resources/resources/3d/engine/editor/assets/default_renderpipeline/builtin-dof-pass.ts as cce:/internal/x/cc.
16:36:31.996 debug: Resolve cc from file:///D:/software/cocos/ide/Creator/3.8.8/resources/resources/3d/engine/editor/assets/default_renderpipeline/builtin-dof-pass.ts as cce:/internal/x/cc.
16:36:31.996 debug: Resolve cc/env from file:///D:/software/cocos/ide/Creator/3.8.8/resources/resources/3d/engine/editor/assets/default_renderpipeline/builtin-dof-pass.ts as external dependency cc/env.
16:36:32.001 debug: Resolve ./builtin-pipeline-settings from file:///D:/software/cocos/ide/Creator/3.8.8/resources/resources/3d/engine/editor/assets/default_renderpipeline/builtin-dof-pass.ts as file:///D:/software/cocos/ide/Creator/3.8.8/resources/resources/3d/engine/editor/assets/default_renderpipeline/builtin-pipeline-settings.ts.
16:36:32.006 debug: Resolve ./builtin-pipeline-pass from file:///D:/software/cocos/ide/Creator/3.8.8/resources/resources/3d/engine/editor/assets/default_renderpipeline/builtin-dof-pass.ts as file:///D:/software/cocos/ide/Creator/3.8.8/resources/resources/3d/engine/editor/assets/default_renderpipeline/builtin-pipeline-pass.ts.
16:36:32.011 debug: Resolve ./builtin-pipeline from file:///D:/software/cocos/ide/Creator/3.8.8/resources/resources/3d/engine/editor/assets/default_renderpipeline/builtin-dof-pass.ts as file:///D:/software/cocos/ide/Creator/3.8.8/resources/resources/3d/engine/editor/assets/default_renderpipeline/builtin-pipeline.ts.
16:36:32.012 debug: Resolve cce:/internal/code-quality/cr.mjs from file:///D:/software/cocos/ide/Creator/3.8.8/resources/resources/3d/engine/editor/assets/default_renderpipeline/builtin-pipeline-settings.ts as cce:/internal/code-quality/cr.mjs.
16:36:32.012 debug: Resolve cc from file:///D:/software/cocos/ide/Creator/3.8.8/resources/resources/3d/engine/editor/assets/default_renderpipeline/builtin-pipeline-settings.ts as cce:/internal/x/cc.
16:36:32.012 debug: Resolve cc from file:///D:/software/cocos/ide/Creator/3.8.8/resources/resources/3d/engine/editor/assets/default_renderpipeline/builtin-pipeline-settings.ts as cce:/internal/x/cc.
16:36:32.012 debug: Resolve cc from file:///D:/software/cocos/ide/Creator/3.8.8/resources/resources/3d/engine/editor/assets/default_renderpipeline/builtin-pipeline-settings.ts as cce:/internal/x/cc.
16:36:32.014 debug: Resolve cc/env from file:///D:/software/cocos/ide/Creator/3.8.8/resources/resources/3d/engine/editor/assets/default_renderpipeline/builtin-pipeline-settings.ts as external dependency cc/env.
16:36:32.018 debug: Resolve ./builtin-pipeline-types from file:///D:/software/cocos/ide/Creator/3.8.8/resources/resources/3d/engine/editor/assets/default_renderpipeline/builtin-pipeline-settings.ts as file:///D:/software/cocos/ide/Creator/3.8.8/resources/resources/3d/engine/editor/assets/default_renderpipeline/builtin-pipeline-types.ts.
16:36:32.019 debug: Resolve cc from file:///D:/software/cocos/ide/Creator/3.8.8/resources/resources/3d/engine/editor/assets/default_renderpipeline/builtin-pipeline-types.ts as cce:/internal/x/cc.
16:36:32.019 debug: Resolve cc from file:///D:/software/cocos/ide/Creator/3.8.8/resources/resources/3d/engine/editor/assets/default_renderpipeline/builtin-pipeline-types.ts as cce:/internal/x/cc.
16:36:32.019 debug: Resolve cc from file:///D:/software/cocos/ide/Creator/3.8.8/resources/resources/3d/engine/editor/assets/default_renderpipeline/builtin-pipeline-types.ts as cce:/internal/x/cc.
16:36:32.019 debug: Resolve cce:/internal/code-quality/cr.mjs from file:///D:/software/cocos/ide/Creator/3.8.8/resources/resources/3d/engine/editor/assets/default_renderpipeline/builtin-pipeline-pass.ts as cce:/internal/code-quality/cr.mjs.
16:36:32.019 debug: Resolve cc from file:///D:/software/cocos/ide/Creator/3.8.8/resources/resources/3d/engine/editor/assets/default_renderpipeline/builtin-pipeline-pass.ts as cce:/internal/x/cc.
16:36:32.019 debug: Resolve cc from file:///D:/software/cocos/ide/Creator/3.8.8/resources/resources/3d/engine/editor/assets/default_renderpipeline/builtin-pipeline-pass.ts as cce:/internal/x/cc.
16:36:32.019 debug: Resolve cc from file:///D:/software/cocos/ide/Creator/3.8.8/resources/resources/3d/engine/editor/assets/default_renderpipeline/builtin-pipeline-pass.ts as cce:/internal/x/cc.
16:36:32.023 debug: Resolve ./builtin-pipeline-settings from file:///D:/software/cocos/ide/Creator/3.8.8/resources/resources/3d/engine/editor/assets/default_renderpipeline/builtin-pipeline-pass.ts as file:///D:/software/cocos/ide/Creator/3.8.8/resources/resources/3d/engine/editor/assets/default_renderpipeline/builtin-pipeline-settings.ts.
16:36:32.024 debug: Resolve cc/env from file:///D:/software/cocos/ide/Creator/3.8.8/resources/resources/3d/engine/editor/assets/default_renderpipeline/builtin-pipeline-pass.ts as external dependency cc/env.
16:36:32.024 debug: Resolve cce:/internal/code-quality/cr.mjs from file:///D:/software/cocos/ide/Creator/3.8.8/resources/resources/3d/engine/editor/assets/default_renderpipeline/builtin-pipeline.ts as cce:/internal/code-quality/cr.mjs.
16:36:32.024 debug: Resolve cc from file:///D:/software/cocos/ide/Creator/3.8.8/resources/resources/3d/engine/editor/assets/default_renderpipeline/builtin-pipeline.ts as cce:/internal/x/cc.
16:36:32.024 debug: Resolve cc from file:///D:/software/cocos/ide/Creator/3.8.8/resources/resources/3d/engine/editor/assets/default_renderpipeline/builtin-pipeline.ts as cce:/internal/x/cc.
16:36:32.024 debug: Resolve cc from file:///D:/software/cocos/ide/Creator/3.8.8/resources/resources/3d/engine/editor/assets/default_renderpipeline/builtin-pipeline.ts as cce:/internal/x/cc.
16:36:32.025 debug: Resolve cc/env from file:///D:/software/cocos/ide/Creator/3.8.8/resources/resources/3d/engine/editor/assets/default_renderpipeline/builtin-pipeline.ts as external dependency cc/env.
16:36:32.030 debug: Resolve ./builtin-pipeline-types from file:///D:/software/cocos/ide/Creator/3.8.8/resources/resources/3d/engine/editor/assets/default_renderpipeline/builtin-pipeline.ts as file:///D:/software/cocos/ide/Creator/3.8.8/resources/resources/3d/engine/editor/assets/default_renderpipeline/builtin-pipeline-types.ts.
16:36:32.030 debug: Resolve cc from file:///D:/software/cocos/ide/Creator/3.8.8/resources/resources/3d/engine/editor/assets/tools/debug-view-runtime-control.ts as cce:/internal/x/cc.
16:36:32.030 debug: Resolve cc from file:///D:/software/cocos/ide/Creator/3.8.8/resources/resources/3d/engine/editor/assets/tools/debug-view-runtime-control.ts as cce:/internal/x/cc.
16:36:32.030 debug: Resolve cc from file:///D:/software/cocos/ide/Creator/3.8.8/resources/resources/3d/engine/editor/assets/tools/debug-view-runtime-control.ts as cce:/internal/x/cc.
16:36:32.030 debug: Resolve cc from file:///D:/software/cocos/zuma/assets/Script/ZumaCurvePath.ts as cce:/internal/x/cc.
16:36:32.030 debug: Resolve cc from file:///D:/software/cocos/zuma/assets/Script/ZumaCurvePath.ts as cce:/internal/x/cc.
16:36:32.030 debug: Resolve cc from file:///D:/software/cocos/zuma/assets/Script/ZumaCurvePath.ts as cce:/internal/x/cc.
16:36:32.078 debug: Target(preview) ends with cost 320.3058000000001ms.
16:36:35.236 debug: Pulling asset-db.
16:36:35.584 debug: Fetch asset-db cost: 347.51380000000063ms.
16:36:35.587 debug: Build iteration starts.
Number of accumulated asset changes: 7
Feature changed: false
16:36:35.588 debug: Target(editor) build started.
16:36:35.596 debug: Detected change: cce:/internal/x/prerequisite-imports. Last mtime: Thu Jan 01 1970 08:00:13 GMT+0800 (香港标准时间), Current mtime: Thu Jan 01 1970 08:00:17 GMT+0800 (香港标准时间)
16:36:35.596 debug: Inspect cce:/internal/x/prerequisite-imports
16:36:35.629 debug: transform url: 'cce:/internal/x/prerequisite-imports' costs: 33.10 ms
16:36:35.636 debug: Resolve file:///D:/software/cocos/ide/Creator/3.8.8/resources/resources/3d/engine/editor/assets/default_renderpipeline/builtin-dof-pass.ts from cce:/internal/x/prerequisite-imports as file:///D:/software/cocos/ide/Creator/3.8.8/resources/resources/3d/engine/editor/assets/default_renderpipeline/builtin-dof-pass.ts.
16:36:35.640 debug: Resolve file:///D:/software/cocos/ide/Creator/3.8.8/resources/resources/3d/engine/editor/assets/default_renderpipeline/builtin-pipeline-pass.ts from cce:/internal/x/prerequisite-imports as file:///D:/software/cocos/ide/Creator/3.8.8/resources/resources/3d/engine/editor/assets/default_renderpipeline/builtin-pipeline-pass.ts.
16:36:35.645 debug: Resolve file:///D:/software/cocos/ide/Creator/3.8.8/resources/resources/3d/engine/editor/assets/default_renderpipeline/builtin-pipeline-settings.ts from cce:/internal/x/prerequisite-imports as file:///D:/software/cocos/ide/Creator/3.8.8/resources/resources/3d/engine/editor/assets/default_renderpipeline/builtin-pipeline-settings.ts.
16:36:35.651 debug: Resolve file:///D:/software/cocos/ide/Creator/3.8.8/resources/resources/3d/engine/editor/assets/default_renderpipeline/builtin-pipeline-types.ts from cce:/internal/x/prerequisite-imports as file:///D:/software/cocos/ide/Creator/3.8.8/resources/resources/3d/engine/editor/assets/default_renderpipeline/builtin-pipeline-types.ts.
16:36:35.657 debug: Resolve file:///D:/software/cocos/ide/Creator/3.8.8/resources/resources/3d/engine/editor/assets/default_renderpipeline/builtin-pipeline.ts from cce:/internal/x/prerequisite-imports as file:///D:/software/cocos/ide/Creator/3.8.8/resources/resources/3d/engine/editor/assets/default_renderpipeline/builtin-pipeline.ts.
16:36:35.662 debug: Resolve file:///D:/software/cocos/ide/Creator/3.8.8/resources/resources/3d/engine/editor/assets/tools/debug-view-runtime-control.ts from cce:/internal/x/prerequisite-imports as file:///D:/software/cocos/ide/Creator/3.8.8/resources/resources/3d/engine/editor/assets/tools/debug-view-runtime-control.ts.
16:36:35.665 debug: Resolve file:///D:/software/cocos/zuma/assets/Script/ZumaCurvePath.ts from cce:/internal/x/prerequisite-imports as file:///D:/software/cocos/zuma/assets/Script/ZumaCurvePath.ts.
16:36:35.706 debug: Target(editor) ends with cost 118.34130000000005ms.
16:36:35.707 debug: Target(preview) build started.
16:36:35.714 debug: Detected change: cce:/internal/x/prerequisite-imports. Last mtime: Thu Jan 01 1970 08:00:14 GMT+0800 (香港标准时间), Current mtime: Thu Jan 01 1970 08:00:17 GMT+0800 (香港标准时间)
16:36:35.714 debug: Inspect cce:/internal/x/prerequisite-imports
16:36:35.746 debug: transform url: 'cce:/internal/x/prerequisite-imports' costs: 32.50 ms
16:36:35.753 debug: Resolve file:///D:/software/cocos/ide/Creator/3.8.8/resources/resources/3d/engine/editor/assets/default_renderpipeline/builtin-dof-pass.ts from cce:/internal/x/prerequisite-imports as file:///D:/software/cocos/ide/Creator/3.8.8/resources/resources/3d/engine/editor/assets/default_renderpipeline/builtin-dof-pass.ts.
16:36:35.757 debug: Resolve file:///D:/software/cocos/ide/Creator/3.8.8/resources/resources/3d/engine/editor/assets/default_renderpipeline/builtin-pipeline-pass.ts from cce:/internal/x/prerequisite-imports as file:///D:/software/cocos/ide/Creator/3.8.8/resources/resources/3d/engine/editor/assets/default_renderpipeline/builtin-pipeline-pass.ts.
16:36:35.761 debug: Resolve file:///D:/software/cocos/ide/Creator/3.8.8/resources/resources/3d/engine/editor/assets/default_renderpipeline/builtin-pipeline-settings.ts from cce:/internal/x/prerequisite-imports as file:///D:/software/cocos/ide/Creator/3.8.8/resources/resources/3d/engine/editor/assets/default_renderpipeline/builtin-pipeline-settings.ts.
16:36:35.764 debug: Resolve file:///D:/software/cocos/ide/Creator/3.8.8/resources/resources/3d/engine/editor/assets/default_renderpipeline/builtin-pipeline-types.ts from cce:/internal/x/prerequisite-imports as file:///D:/software/cocos/ide/Creator/3.8.8/resources/resources/3d/engine/editor/assets/default_renderpipeline/builtin-pipeline-types.ts.
16:36:35.769 debug: Resolve file:///D:/software/cocos/ide/Creator/3.8.8/resources/resources/3d/engine/editor/assets/default_renderpipeline/builtin-pipeline.ts from cce:/internal/x/prerequisite-imports as file:///D:/software/cocos/ide/Creator/3.8.8/resources/resources/3d/engine/editor/assets/default_renderpipeline/builtin-pipeline.ts.
16:36:35.773 debug: Resolve file:///D:/software/cocos/ide/Creator/3.8.8/resources/resources/3d/engine/editor/assets/tools/debug-view-runtime-control.ts from cce:/internal/x/prerequisite-imports as file:///D:/software/cocos/ide/Creator/3.8.8/resources/resources/3d/engine/editor/assets/tools/debug-view-runtime-control.ts.
16:36:35.775 debug: Resolve file:///D:/software/cocos/zuma/assets/Script/ZumaCurvePath.ts from cce:/internal/x/prerequisite-imports as file:///D:/software/cocos/zuma/assets/Script/ZumaCurvePath.ts.
16:36:35.814 debug: Target(preview) ends with cost 107.00510000000213ms.
17:17:39.333 debug: Dispatch build request for time accumulated 1 asset changes.
17:17:39.350 debug: Build iteration starts.
Number of accumulated asset changes: 1
Feature changed: false
17:17:39.352 debug: Target(editor) build started.
17:17:39.376 debug: Detected change: cce:/internal/x/prerequisite-imports. Last mtime: Thu Jan 01 1970 08:00:17 GMT+0800 (香港标准时间), Current mtime: Thu Jan 01 1970 08:41:21 GMT+0800 (香港标准时间)
17:17:39.376 debug: Inspect cce:/internal/x/prerequisite-imports
17:17:39.462 debug: transform url: 'cce:/internal/x/prerequisite-imports' costs: 85.50 ms
17:17:39.470 debug: Resolve file:///D:/software/cocos/ide/Creator/3.8.8/resources/resources/3d/engine/editor/assets/default_renderpipeline/builtin-dof-pass.ts from cce:/internal/x/prerequisite-imports as file:///D:/software/cocos/ide/Creator/3.8.8/resources/resources/3d/engine/editor/assets/default_renderpipeline/builtin-dof-pass.ts.
17:17:39.474 debug: Resolve file:///D:/software/cocos/ide/Creator/3.8.8/resources/resources/3d/engine/editor/assets/default_renderpipeline/builtin-pipeline-pass.ts from cce:/internal/x/prerequisite-imports as file:///D:/software/cocos/ide/Creator/3.8.8/resources/resources/3d/engine/editor/assets/default_renderpipeline/builtin-pipeline-pass.ts.
17:17:39.480 debug: Resolve file:///D:/software/cocos/ide/Creator/3.8.8/resources/resources/3d/engine/editor/assets/default_renderpipeline/builtin-pipeline-settings.ts from cce:/internal/x/prerequisite-imports as file:///D:/software/cocos/ide/Creator/3.8.8/resources/resources/3d/engine/editor/assets/default_renderpipeline/builtin-pipeline-settings.ts.
17:17:39.486 debug: Resolve file:///D:/software/cocos/ide/Creator/3.8.8/resources/resources/3d/engine/editor/assets/default_renderpipeline/builtin-pipeline-types.ts from cce:/internal/x/prerequisite-imports as file:///D:/software/cocos/ide/Creator/3.8.8/resources/resources/3d/engine/editor/assets/default_renderpipeline/builtin-pipeline-types.ts.
17:17:39.490 debug: Resolve file:///D:/software/cocos/ide/Creator/3.8.8/resources/resources/3d/engine/editor/assets/default_renderpipeline/builtin-pipeline.ts from cce:/internal/x/prerequisite-imports as file:///D:/software/cocos/ide/Creator/3.8.8/resources/resources/3d/engine/editor/assets/default_renderpipeline/builtin-pipeline.ts.
17:17:39.495 debug: Resolve file:///D:/software/cocos/ide/Creator/3.8.8/resources/resources/3d/engine/editor/assets/tools/debug-view-runtime-control.ts from cce:/internal/x/prerequisite-imports as file:///D:/software/cocos/ide/Creator/3.8.8/resources/resources/3d/engine/editor/assets/tools/debug-view-runtime-control.ts.
17:17:39.497 debug: Resolve file:///D:/software/cocos/zuma/assets/Script/ZumaCurvePath.ts from cce:/internal/x/prerequisite-imports as file:///D:/software/cocos/zuma/assets/Script/ZumaCurvePath.ts.
17:17:39.498 debug: Detected change: file:///D:/software/cocos/zuma/assets/Script/ZumaCurvePath.ts. Last mtime: Sat May 16 2026 22:08:07 GMT+0800 (香港标准时间)@9102359d-e335-410f-8054-cdeef04c80ca, Current mtime: Tue May 19 2026 17:15:51 GMT+0800 (香港标准时间)@9102359d-e335-410f-8054-cdeef04c80ca
17:17:39.498 debug: Inspect file:///D:/software/cocos/zuma/assets/Script/ZumaCurvePath.ts
17:17:39.935 debug: transform url: 'file:///D:/software/cocos/zuma/assets/Script/ZumaCurvePath.ts' costs: 436.00 ms
17:17:39.941 debug: Resolve cc from file:///D:/software/cocos/zuma/assets/Script/ZumaCurvePath.ts as cce:/internal/x/cc.
17:17:39.941 debug: Resolve cc from file:///D:/software/cocos/zuma/assets/Script/ZumaCurvePath.ts as cce:/internal/x/cc.
17:17:39.941 debug: Resolve cc from file:///D:/software/cocos/zuma/assets/Script/ZumaCurvePath.ts as cce:/internal/x/cc.
17:17:40.006 debug: Target(editor) ends with cost 653.3166999998502ms.
17:17:40.006 debug: Target(preview) build started.
17:17:40.013 debug: Detected change: cce:/internal/x/prerequisite-imports. Last mtime: Thu Jan 01 1970 08:00:17 GMT+0800 (香港标准时间), Current mtime: Thu Jan 01 1970 08:41:22 GMT+0800 (香港标准时间)
17:17:40.013 debug: Inspect cce:/internal/x/prerequisite-imports
17:17:40.041 debug: transform url: 'cce:/internal/x/prerequisite-imports' costs: 28.20 ms
17:17:40.051 debug: Resolve file:///D:/software/cocos/ide/Creator/3.8.8/resources/resources/3d/engine/editor/assets/default_renderpipeline/builtin-dof-pass.ts from cce:/internal/x/prerequisite-imports as file:///D:/software/cocos/ide/Creator/3.8.8/resources/resources/3d/engine/editor/assets/default_renderpipeline/builtin-dof-pass.ts.
17:17:40.060 debug: Resolve file:///D:/software/cocos/ide/Creator/3.8.8/resources/resources/3d/engine/editor/assets/default_renderpipeline/builtin-pipeline-pass.ts from cce:/internal/x/prerequisite-imports as file:///D:/software/cocos/ide/Creator/3.8.8/resources/resources/3d/engine/editor/assets/default_renderpipeline/builtin-pipeline-pass.ts.
17:17:40.065 debug: Resolve file:///D:/software/cocos/ide/Creator/3.8.8/resources/resources/3d/engine/editor/assets/default_renderpipeline/builtin-pipeline-settings.ts from cce:/internal/x/prerequisite-imports as file:///D:/software/cocos/ide/Creator/3.8.8/resources/resources/3d/engine/editor/assets/default_renderpipeline/builtin-pipeline-settings.ts.
17:17:40.068 debug: Resolve file:///D:/software/cocos/ide/Creator/3.8.8/resources/resources/3d/engine/editor/assets/default_renderpipeline/builtin-pipeline-types.ts from cce:/internal/x/prerequisite-imports as file:///D:/software/cocos/ide/Creator/3.8.8/resources/resources/3d/engine/editor/assets/default_renderpipeline/builtin-pipeline-types.ts.
17:17:40.072 debug: Resolve file:///D:/software/cocos/ide/Creator/3.8.8/resources/resources/3d/engine/editor/assets/default_renderpipeline/builtin-pipeline.ts from cce:/internal/x/prerequisite-imports as file:///D:/software/cocos/ide/Creator/3.8.8/resources/resources/3d/engine/editor/assets/default_renderpipeline/builtin-pipeline.ts.
17:17:40.077 debug: Resolve file:///D:/software/cocos/ide/Creator/3.8.8/resources/resources/3d/engine/editor/assets/tools/debug-view-runtime-control.ts from cce:/internal/x/prerequisite-imports as file:///D:/software/cocos/ide/Creator/3.8.8/resources/resources/3d/engine/editor/assets/tools/debug-view-runtime-control.ts.
17:17:40.080 debug: Resolve file:///D:/software/cocos/zuma/assets/Script/ZumaCurvePath.ts from cce:/internal/x/prerequisite-imports as file:///D:/software/cocos/zuma/assets/Script/ZumaCurvePath.ts.
17:17:40.084 debug: Detected change: file:///D:/software/cocos/zuma/assets/Script/ZumaCurvePath.ts. Last mtime: Sat May 16 2026 22:08:07 GMT+0800 (香港标准时间)@9102359d-e335-410f-8054-cdeef04c80ca, Current mtime: Tue May 19 2026 17:15:51 GMT+0800 (香港标准时间)@9102359d-e335-410f-8054-cdeef04c80ca
17:17:40.084 debug: Inspect file:///D:/software/cocos/zuma/assets/Script/ZumaCurvePath.ts
17:17:40.395 debug: transform url: 'file:///D:/software/cocos/zuma/assets/Script/ZumaCurvePath.ts' costs: 310.70 ms
17:17:40.400 debug: Resolve cc from file:///D:/software/cocos/zuma/assets/Script/ZumaCurvePath.ts as cce:/internal/x/cc.
17:17:40.400 debug: Resolve cc from file:///D:/software/cocos/zuma/assets/Script/ZumaCurvePath.ts as cce:/internal/x/cc.
17:17:40.400 debug: Resolve cc from file:///D:/software/cocos/zuma/assets/Script/ZumaCurvePath.ts as cce:/internal/x/cc.
17:17:40.468 debug: Target(preview) ends with cost 460.83279999997467ms.
17:41:15.320 debug: Dispatch build request for time accumulated 1 asset changes.
17:41:15.323 debug: Build iteration starts.
Number of accumulated asset changes: 1
Feature changed: false
17:41:15.324 debug: Target(editor) build started.
17:41:15.331 debug: Detected change: cce:/internal/x/prerequisite-imports. Last mtime: Thu Jan 01 1970 08:41:21 GMT+0800 (香港标准时间), Current mtime: Thu Jan 01 1970 09:04:57 GMT+0800 (香港标准时间)
17:41:15.331 debug: Inspect cce:/internal/x/prerequisite-imports
17:41:15.360 debug: transform url: 'cce:/internal/x/prerequisite-imports' costs: 29.20 ms
17:41:15.370 debug: Resolve file:///D:/software/cocos/ide/Creator/3.8.8/resources/resources/3d/engine/editor/assets/default_renderpipeline/builtin-dof-pass.ts from cce:/internal/x/prerequisite-imports as file:///D:/software/cocos/ide/Creator/3.8.8/resources/resources/3d/engine/editor/assets/default_renderpipeline/builtin-dof-pass.ts.
17:41:15.376 debug: Resolve file:///D:/software/cocos/ide/Creator/3.8.8/resources/resources/3d/engine/editor/assets/default_renderpipeline/builtin-pipeline-pass.ts from cce:/internal/x/prerequisite-imports as file:///D:/software/cocos/ide/Creator/3.8.8/resources/resources/3d/engine/editor/assets/default_renderpipeline/builtin-pipeline-pass.ts.
17:41:15.381 debug: Resolve file:///D:/software/cocos/ide/Creator/3.8.8/resources/resources/3d/engine/editor/assets/default_renderpipeline/builtin-pipeline-settings.ts from cce:/internal/x/prerequisite-imports as file:///D:/software/cocos/ide/Creator/3.8.8/resources/resources/3d/engine/editor/assets/default_renderpipeline/builtin-pipeline-settings.ts.
17:41:15.385 debug: Resolve file:///D:/software/cocos/ide/Creator/3.8.8/resources/resources/3d/engine/editor/assets/default_renderpipeline/builtin-pipeline-types.ts from cce:/internal/x/prerequisite-imports as file:///D:/software/cocos/ide/Creator/3.8.8/resources/resources/3d/engine/editor/assets/default_renderpipeline/builtin-pipeline-types.ts.
17:41:15.391 debug: Resolve file:///D:/software/cocos/ide/Creator/3.8.8/resources/resources/3d/engine/editor/assets/default_renderpipeline/builtin-pipeline.ts from cce:/internal/x/prerequisite-imports as file:///D:/software/cocos/ide/Creator/3.8.8/resources/resources/3d/engine/editor/assets/default_renderpipeline/builtin-pipeline.ts.
17:41:15.396 debug: Resolve file:///D:/software/cocos/ide/Creator/3.8.8/resources/resources/3d/engine/editor/assets/tools/debug-view-runtime-control.ts from cce:/internal/x/prerequisite-imports as file:///D:/software/cocos/ide/Creator/3.8.8/resources/resources/3d/engine/editor/assets/tools/debug-view-runtime-control.ts.
17:41:15.400 debug: Resolve file:///D:/software/cocos/zuma/assets/Script/ZumaCurvePath.ts from cce:/internal/x/prerequisite-imports as file:///D:/software/cocos/zuma/assets/Script/ZumaCurvePath.ts.
17:41:15.401 debug: Detected change: file:///D:/software/cocos/zuma/assets/Script/ZumaCurvePath.ts. Last mtime: Tue May 19 2026 17:15:51 GMT+0800 (香港标准时间)@9102359d-e335-410f-8054-cdeef04c80ca, Current mtime: Tue May 19 2026 17:36:53 GMT+0800 (香港标准时间)@9102359d-e335-410f-8054-cdeef04c80ca
17:41:15.401 debug: Inspect file:///D:/software/cocos/zuma/assets/Script/ZumaCurvePath.ts
17:41:15.976 debug: transform url: 'file:///D:/software/cocos/zuma/assets/Script/ZumaCurvePath.ts' costs: 574.80 ms
17:41:15.982 debug: Resolve cc from file:///D:/software/cocos/zuma/assets/Script/ZumaCurvePath.ts as cce:/internal/x/cc.
17:41:15.982 debug: Resolve cc from file:///D:/software/cocos/zuma/assets/Script/ZumaCurvePath.ts as cce:/internal/x/cc.
17:41:15.982 debug: Resolve cc from file:///D:/software/cocos/zuma/assets/Script/ZumaCurvePath.ts as cce:/internal/x/cc.
17:41:16.032 debug: Target(editor) ends with cost 708.0068999999203ms.
17:41:16.032 debug: Target(preview) build started.
17:41:16.040 debug: Detected change: cce:/internal/x/prerequisite-imports. Last mtime: Thu Jan 01 1970 08:41:22 GMT+0800 (香港标准时间), Current mtime: Thu Jan 01 1970 09:04:58 GMT+0800 (香港标准时间)
17:41:16.040 debug: Inspect cce:/internal/x/prerequisite-imports
17:41:16.076 debug: transform url: 'cce:/internal/x/prerequisite-imports' costs: 35.50 ms
17:41:16.082 debug: Resolve file:///D:/software/cocos/ide/Creator/3.8.8/resources/resources/3d/engine/editor/assets/default_renderpipeline/builtin-dof-pass.ts from cce:/internal/x/prerequisite-imports as file:///D:/software/cocos/ide/Creator/3.8.8/resources/resources/3d/engine/editor/assets/default_renderpipeline/builtin-dof-pass.ts.
17:41:16.086 debug: Resolve file:///D:/software/cocos/ide/Creator/3.8.8/resources/resources/3d/engine/editor/assets/default_renderpipeline/builtin-pipeline-pass.ts from cce:/internal/x/prerequisite-imports as file:///D:/software/cocos/ide/Creator/3.8.8/resources/resources/3d/engine/editor/assets/default_renderpipeline/builtin-pipeline-pass.ts.
17:41:16.090 debug: Resolve file:///D:/software/cocos/ide/Creator/3.8.8/resources/resources/3d/engine/editor/assets/default_renderpipeline/builtin-pipeline-settings.ts from cce:/internal/x/prerequisite-imports as file:///D:/software/cocos/ide/Creator/3.8.8/resources/resources/3d/engine/editor/assets/default_renderpipeline/builtin-pipeline-settings.ts.
17:41:16.095 debug: Resolve file:///D:/software/cocos/ide/Creator/3.8.8/resources/resources/3d/engine/editor/assets/default_renderpipeline/builtin-pipeline-types.ts from cce:/internal/x/prerequisite-imports as file:///D:/software/cocos/ide/Creator/3.8.8/resources/resources/3d/engine/editor/assets/default_renderpipeline/builtin-pipeline-types.ts.
17:41:16.099 debug: Resolve file:///D:/software/cocos/ide/Creator/3.8.8/resources/resources/3d/engine/editor/assets/default_renderpipeline/builtin-pipeline.ts from cce:/internal/x/prerequisite-imports as file:///D:/software/cocos/ide/Creator/3.8.8/resources/resources/3d/engine/editor/assets/default_renderpipeline/builtin-pipeline.ts.
17:41:16.104 debug: Resolve file:///D:/software/cocos/ide/Creator/3.8.8/resources/resources/3d/engine/editor/assets/tools/debug-view-runtime-control.ts from cce:/internal/x/prerequisite-imports as file:///D:/software/cocos/ide/Creator/3.8.8/resources/resources/3d/engine/editor/assets/tools/debug-view-runtime-control.ts.
17:41:16.106 debug: Resolve file:///D:/software/cocos/zuma/assets/Script/ZumaCurvePath.ts from cce:/internal/x/prerequisite-imports as file:///D:/software/cocos/zuma/assets/Script/ZumaCurvePath.ts.
17:41:16.107 debug: Detected change: file:///D:/software/cocos/zuma/assets/Script/ZumaCurvePath.ts. Last mtime: Tue May 19 2026 17:15:51 GMT+0800 (香港标准时间)@9102359d-e335-410f-8054-cdeef04c80ca, Current mtime: Tue May 19 2026 17:36:53 GMT+0800 (香港标准时间)@9102359d-e335-410f-8054-cdeef04c80ca
17:41:16.107 debug: Inspect file:///D:/software/cocos/zuma/assets/Script/ZumaCurvePath.ts
17:41:16.530 debug: transform url: 'file:///D:/software/cocos/zuma/assets/Script/ZumaCurvePath.ts' costs: 422.50 ms
17:41:16.534 debug: Resolve cc from file:///D:/software/cocos/zuma/assets/Script/ZumaCurvePath.ts as cce:/internal/x/cc.
17:41:16.534 debug: Resolve cc from file:///D:/software/cocos/zuma/assets/Script/ZumaCurvePath.ts as cce:/internal/x/cc.
17:41:16.534 debug: Resolve cc from file:///D:/software/cocos/zuma/assets/Script/ZumaCurvePath.ts as cce:/internal/x/cc.
17:41:16.575 debug: Target(preview) ends with cost 542.7471000002697ms.
17:49:41.081 debug: Dispatch build request for time accumulated 1 asset changes.
17:49:41.084 debug: Build iteration starts.
Number of accumulated asset changes: 1
Feature changed: false
17:49:41.084 debug: Target(editor) build started.
17:49:41.092 debug: Detected change: cce:/internal/x/prerequisite-imports. Last mtime: Thu Jan 01 1970 09:04:57 GMT+0800 (香港标准时间), Current mtime: Thu Jan 01 1970 09:13:23 GMT+0800 (香港标准时间)
17:49:41.092 debug: Inspect cce:/internal/x/prerequisite-imports
17:49:41.116 debug: transform url: 'cce:/internal/x/prerequisite-imports' costs: 23.80 ms
17:49:41.123 debug: Resolve file:///D:/software/cocos/ide/Creator/3.8.8/resources/resources/3d/engine/editor/assets/default_renderpipeline/builtin-dof-pass.ts from cce:/internal/x/prerequisite-imports as file:///D:/software/cocos/ide/Creator/3.8.8/resources/resources/3d/engine/editor/assets/default_renderpipeline/builtin-dof-pass.ts.
17:49:41.128 debug: Resolve file:///D:/software/cocos/ide/Creator/3.8.8/resources/resources/3d/engine/editor/assets/default_renderpipeline/builtin-pipeline-pass.ts from cce:/internal/x/prerequisite-imports as file:///D:/software/cocos/ide/Creator/3.8.8/resources/resources/3d/engine/editor/assets/default_renderpipeline/builtin-pipeline-pass.ts.
17:49:41.132 debug: Resolve file:///D:/software/cocos/ide/Creator/3.8.8/resources/resources/3d/engine/editor/assets/default_renderpipeline/builtin-pipeline-settings.ts from cce:/internal/x/prerequisite-imports as file:///D:/software/cocos/ide/Creator/3.8.8/resources/resources/3d/engine/editor/assets/default_renderpipeline/builtin-pipeline-settings.ts.
17:49:41.136 debug: Resolve file:///D:/software/cocos/ide/Creator/3.8.8/resources/resources/3d/engine/editor/assets/default_renderpipeline/builtin-pipeline-types.ts from cce:/internal/x/prerequisite-imports as file:///D:/software/cocos/ide/Creator/3.8.8/resources/resources/3d/engine/editor/assets/default_renderpipeline/builtin-pipeline-types.ts.
17:49:41.141 debug: Resolve file:///D:/software/cocos/ide/Creator/3.8.8/resources/resources/3d/engine/editor/assets/default_renderpipeline/builtin-pipeline.ts from cce:/internal/x/prerequisite-imports as file:///D:/software/cocos/ide/Creator/3.8.8/resources/resources/3d/engine/editor/assets/default_renderpipeline/builtin-pipeline.ts.
17:49:41.146 debug: Resolve file:///D:/software/cocos/ide/Creator/3.8.8/resources/resources/3d/engine/editor/assets/tools/debug-view-runtime-control.ts from cce:/internal/x/prerequisite-imports as file:///D:/software/cocos/ide/Creator/3.8.8/resources/resources/3d/engine/editor/assets/tools/debug-view-runtime-control.ts.
17:49:41.148 debug: Resolve file:///D:/software/cocos/zuma/assets/Script/ZumaCurvePath.ts from cce:/internal/x/prerequisite-imports as file:///D:/software/cocos/zuma/assets/Script/ZumaCurvePath.ts.
17:49:41.149 debug: Detected change: file:///D:/software/cocos/zuma/assets/Script/ZumaCurvePath.ts. Last mtime: Tue May 19 2026 17:36:53 GMT+0800 (香港标准时间)@9102359d-e335-410f-8054-cdeef04c80ca, Current mtime: Tue May 19 2026 17:48:02 GMT+0800 (香港标准时间)@9102359d-e335-410f-8054-cdeef04c80ca
17:49:41.149 debug: Inspect file:///D:/software/cocos/zuma/assets/Script/ZumaCurvePath.ts
17:49:41.554 debug: transform url: 'file:///D:/software/cocos/zuma/assets/Script/ZumaCurvePath.ts' costs: 405.40 ms
17:49:41.565 debug: Resolve cc from file:///D:/software/cocos/zuma/assets/Script/ZumaCurvePath.ts as cce:/internal/x/cc.
17:49:41.566 debug: Resolve cc from file:///D:/software/cocos/zuma/assets/Script/ZumaCurvePath.ts as cce:/internal/x/cc.
17:49:41.567 debug: Resolve cc from file:///D:/software/cocos/zuma/assets/Script/ZumaCurvePath.ts as cce:/internal/x/cc.
17:49:41.643 debug: Target(editor) ends with cost 558.1334999995306ms.
17:49:41.644 debug: Target(preview) build started.
17:49:41.699 debug: Detected change: cce:/internal/x/prerequisite-imports. Last mtime: Thu Jan 01 1970 09:04:58 GMT+0800 (香港标准时间), Current mtime: Thu Jan 01 1970 09:13:23 GMT+0800 (香港标准时间)
17:49:41.699 debug: Inspect cce:/internal/x/prerequisite-imports
17:49:41.732 debug: transform url: 'cce:/internal/x/prerequisite-imports' costs: 32.30 ms
17:49:41.739 debug: Resolve file:///D:/software/cocos/ide/Creator/3.8.8/resources/resources/3d/engine/editor/assets/default_renderpipeline/builtin-dof-pass.ts from cce:/internal/x/prerequisite-imports as file:///D:/software/cocos/ide/Creator/3.8.8/resources/resources/3d/engine/editor/assets/default_renderpipeline/builtin-dof-pass.ts.
17:49:41.744 debug: Resolve file:///D:/software/cocos/ide/Creator/3.8.8/resources/resources/3d/engine/editor/assets/default_renderpipeline/builtin-pipeline-pass.ts from cce:/internal/x/prerequisite-imports as file:///D:/software/cocos/ide/Creator/3.8.8/resources/resources/3d/engine/editor/assets/default_renderpipeline/builtin-pipeline-pass.ts.
17:49:41.749 debug: Resolve file:///D:/software/cocos/ide/Creator/3.8.8/resources/resources/3d/engine/editor/assets/default_renderpipeline/builtin-pipeline-settings.ts from cce:/internal/x/prerequisite-imports as file:///D:/software/cocos/ide/Creator/3.8.8/resources/resources/3d/engine/editor/assets/default_renderpipeline/builtin-pipeline-settings.ts.
17:49:41.753 debug: Resolve file:///D:/software/cocos/ide/Creator/3.8.8/resources/resources/3d/engine/editor/assets/default_renderpipeline/builtin-pipeline-types.ts from cce:/internal/x/prerequisite-imports as file:///D:/software/cocos/ide/Creator/3.8.8/resources/resources/3d/engine/editor/assets/default_renderpipeline/builtin-pipeline-types.ts.
17:49:41.758 debug: Resolve file:///D:/software/cocos/ide/Creator/3.8.8/resources/resources/3d/engine/editor/assets/default_renderpipeline/builtin-pipeline.ts from cce:/internal/x/prerequisite-imports as file:///D:/software/cocos/ide/Creator/3.8.8/resources/resources/3d/engine/editor/assets/default_renderpipeline/builtin-pipeline.ts.
17:49:41.761 debug: Resolve file:///D:/software/cocos/ide/Creator/3.8.8/resources/resources/3d/engine/editor/assets/tools/debug-view-runtime-control.ts from cce:/internal/x/prerequisite-imports as file:///D:/software/cocos/ide/Creator/3.8.8/resources/resources/3d/engine/editor/assets/tools/debug-view-runtime-control.ts.
17:49:41.764 debug: Resolve file:///D:/software/cocos/zuma/assets/Script/ZumaCurvePath.ts from cce:/internal/x/prerequisite-imports as file:///D:/software/cocos/zuma/assets/Script/ZumaCurvePath.ts.
17:49:41.764 debug: Detected change: file:///D:/software/cocos/zuma/assets/Script/ZumaCurvePath.ts. Last mtime: Tue May 19 2026 17:36:53 GMT+0800 (香港标准时间)@9102359d-e335-410f-8054-cdeef04c80ca, Current mtime: Tue May 19 2026 17:48:02 GMT+0800 (香港标准时间)@9102359d-e335-410f-8054-cdeef04c80ca
17:49:41.765 debug: Inspect file:///D:/software/cocos/zuma/assets/Script/ZumaCurvePath.ts
17:49:42.225 debug: transform url: 'file:///D:/software/cocos/zuma/assets/Script/ZumaCurvePath.ts' costs: 460.70 ms
17:49:42.232 debug: Resolve cc from file:///D:/software/cocos/zuma/assets/Script/ZumaCurvePath.ts as cce:/internal/x/cc.
17:49:42.233 debug: Resolve cc from file:///D:/software/cocos/zuma/assets/Script/ZumaCurvePath.ts as cce:/internal/x/cc.
17:49:42.233 debug: Resolve cc from file:///D:/software/cocos/zuma/assets/Script/ZumaCurvePath.ts as cce:/internal/x/cc.
17:49:42.312 debug: Target(preview) ends with cost 667.5523999994621ms.
17:55:20.022 debug: Dispatch build request for time accumulated 1 asset changes.
17:55:20.026 debug: Build iteration starts.
Number of accumulated asset changes: 1
Feature changed: false
17:55:20.026 debug: Target(editor) build started.
17:55:20.037 debug: Detected change: cce:/internal/x/prerequisite-imports. Last mtime: Thu Jan 01 1970 09:13:23 GMT+0800 (香港标准时间), Current mtime: Thu Jan 01 1970 09:19:02 GMT+0800 (香港标准时间)
17:55:20.037 debug: Inspect cce:/internal/x/prerequisite-imports
17:55:20.080 debug: transform url: 'cce:/internal/x/prerequisite-imports' costs: 43.40 ms
17:55:20.090 debug: Resolve file:///D:/software/cocos/ide/Creator/3.8.8/resources/resources/3d/engine/editor/assets/default_renderpipeline/builtin-dof-pass.ts from cce:/internal/x/prerequisite-imports as file:///D:/software/cocos/ide/Creator/3.8.8/resources/resources/3d/engine/editor/assets/default_renderpipeline/builtin-dof-pass.ts.
17:55:20.095 debug: Resolve file:///D:/software/cocos/ide/Creator/3.8.8/resources/resources/3d/engine/editor/assets/default_renderpipeline/builtin-pipeline-pass.ts from cce:/internal/x/prerequisite-imports as file:///D:/software/cocos/ide/Creator/3.8.8/resources/resources/3d/engine/editor/assets/default_renderpipeline/builtin-pipeline-pass.ts.
17:55:20.101 debug: Resolve file:///D:/software/cocos/ide/Creator/3.8.8/resources/resources/3d/engine/editor/assets/default_renderpipeline/builtin-pipeline-settings.ts from cce:/internal/x/prerequisite-imports as file:///D:/software/cocos/ide/Creator/3.8.8/resources/resources/3d/engine/editor/assets/default_renderpipeline/builtin-pipeline-settings.ts.
17:55:20.106 debug: Resolve file:///D:/software/cocos/ide/Creator/3.8.8/resources/resources/3d/engine/editor/assets/default_renderpipeline/builtin-pipeline-types.ts from cce:/internal/x/prerequisite-imports as file:///D:/software/cocos/ide/Creator/3.8.8/resources/resources/3d/engine/editor/assets/default_renderpipeline/builtin-pipeline-types.ts.
17:55:20.111 debug: Resolve file:///D:/software/cocos/ide/Creator/3.8.8/resources/resources/3d/engine/editor/assets/default_renderpipeline/builtin-pipeline.ts from cce:/internal/x/prerequisite-imports as file:///D:/software/cocos/ide/Creator/3.8.8/resources/resources/3d/engine/editor/assets/default_renderpipeline/builtin-pipeline.ts.
17:55:20.117 debug: Resolve file:///D:/software/cocos/ide/Creator/3.8.8/resources/resources/3d/engine/editor/assets/tools/debug-view-runtime-control.ts from cce:/internal/x/prerequisite-imports as file:///D:/software/cocos/ide/Creator/3.8.8/resources/resources/3d/engine/editor/assets/tools/debug-view-runtime-control.ts.
17:55:20.120 debug: Resolve file:///D:/software/cocos/zuma/assets/Script/ZumaCurvePath.ts from cce:/internal/x/prerequisite-imports as file:///D:/software/cocos/zuma/assets/Script/ZumaCurvePath.ts.
17:55:20.120 debug: Detected change: file:///D:/software/cocos/zuma/assets/Script/ZumaCurvePath.ts. Last mtime: Tue May 19 2026 17:48:02 GMT+0800 (香港标准时间)@9102359d-e335-410f-8054-cdeef04c80ca, Current mtime: Tue May 19 2026 17:54:33 GMT+0800 (香港标准时间)@9102359d-e335-410f-8054-cdeef04c80ca
17:55:20.120 debug: Inspect file:///D:/software/cocos/zuma/assets/Script/ZumaCurvePath.ts
17:55:20.625 debug: transform url: 'file:///D:/software/cocos/zuma/assets/Script/ZumaCurvePath.ts' costs: 504.10 ms
17:55:20.629 debug: Resolve cc from file:///D:/software/cocos/zuma/assets/Script/ZumaCurvePath.ts as cce:/internal/x/cc.
17:55:20.629 debug: Resolve cc from file:///D:/software/cocos/zuma/assets/Script/ZumaCurvePath.ts as cce:/internal/x/cc.
17:55:20.630 debug: Resolve cc from file:///D:/software/cocos/zuma/assets/Script/ZumaCurvePath.ts as cce:/internal/x/cc.
17:55:20.685 debug: Target(editor) ends with cost 658.5070999991149ms.
17:55:20.686 debug: Target(preview) build started.
17:55:20.693 debug: Detected change: cce:/internal/x/prerequisite-imports. Last mtime: Thu Jan 01 1970 09:13:23 GMT+0800 (香港标准时间), Current mtime: Thu Jan 01 1970 09:19:02 GMT+0800 (香港标准时间)
17:55:20.694 debug: Inspect cce:/internal/x/prerequisite-imports
17:55:20.726 debug: transform url: 'cce:/internal/x/prerequisite-imports' costs: 32.20 ms
17:55:20.732 debug: Resolve file:///D:/software/cocos/ide/Creator/3.8.8/resources/resources/3d/engine/editor/assets/default_renderpipeline/builtin-dof-pass.ts from cce:/internal/x/prerequisite-imports as file:///D:/software/cocos/ide/Creator/3.8.8/resources/resources/3d/engine/editor/assets/default_renderpipeline/builtin-dof-pass.ts.
17:55:20.737 debug: Resolve file:///D:/software/cocos/ide/Creator/3.8.8/resources/resources/3d/engine/editor/assets/default_renderpipeline/builtin-pipeline-pass.ts from cce:/internal/x/prerequisite-imports as file:///D:/software/cocos/ide/Creator/3.8.8/resources/resources/3d/engine/editor/assets/default_renderpipeline/builtin-pipeline-pass.ts.
17:55:20.742 debug: Resolve file:///D:/software/cocos/ide/Creator/3.8.8/resources/resources/3d/engine/editor/assets/default_renderpipeline/builtin-pipeline-settings.ts from cce:/internal/x/prerequisite-imports as file:///D:/software/cocos/ide/Creator/3.8.8/resources/resources/3d/engine/editor/assets/default_renderpipeline/builtin-pipeline-settings.ts.
17:55:20.746 debug: Resolve file:///D:/software/cocos/ide/Creator/3.8.8/resources/resources/3d/engine/editor/assets/default_renderpipeline/builtin-pipeline-types.ts from cce:/internal/x/prerequisite-imports as file:///D:/software/cocos/ide/Creator/3.8.8/resources/resources/3d/engine/editor/assets/default_renderpipeline/builtin-pipeline-types.ts.
17:55:20.751 debug: Resolve file:///D:/software/cocos/ide/Creator/3.8.8/resources/resources/3d/engine/editor/assets/default_renderpipeline/builtin-pipeline.ts from cce:/internal/x/prerequisite-imports as file:///D:/software/cocos/ide/Creator/3.8.8/resources/resources/3d/engine/editor/assets/default_renderpipeline/builtin-pipeline.ts.
17:55:20.756 debug: Resolve file:///D:/software/cocos/ide/Creator/3.8.8/resources/resources/3d/engine/editor/assets/tools/debug-view-runtime-control.ts from cce:/internal/x/prerequisite-imports as file:///D:/software/cocos/ide/Creator/3.8.8/resources/resources/3d/engine/editor/assets/tools/debug-view-runtime-control.ts.
17:55:20.759 debug: Resolve file:///D:/software/cocos/zuma/assets/Script/ZumaCurvePath.ts from cce:/internal/x/prerequisite-imports as file:///D:/software/cocos/zuma/assets/Script/ZumaCurvePath.ts.
17:55:20.759 debug: Detected change: file:///D:/software/cocos/zuma/assets/Script/ZumaCurvePath.ts. Last mtime: Tue May 19 2026 17:48:02 GMT+0800 (香港标准时间)@9102359d-e335-410f-8054-cdeef04c80ca, Current mtime: Tue May 19 2026 17:54:33 GMT+0800 (香港标准时间)@9102359d-e335-410f-8054-cdeef04c80ca
17:55:20.759 debug: Inspect file:///D:/software/cocos/zuma/assets/Script/ZumaCurvePath.ts
17:55:21.302 debug: transform url: 'file:///D:/software/cocos/zuma/assets/Script/ZumaCurvePath.ts' costs: 542.70 ms
17:55:21.307 debug: Resolve cc from file:///D:/software/cocos/zuma/assets/Script/ZumaCurvePath.ts as cce:/internal/x/cc.
17:55:21.307 debug: Resolve cc from file:///D:/software/cocos/zuma/assets/Script/ZumaCurvePath.ts as cce:/internal/x/cc.
17:55:21.308 debug: Resolve cc from file:///D:/software/cocos/zuma/assets/Script/ZumaCurvePath.ts as cce:/internal/x/cc.
17:55:21.354 debug: Target(preview) ends with cost 668.5989999994636ms.
